Archive member included because of file (symbol)

/usr/local/CrossPack-AVR-20120217/lib/gcc/avr/4.5.1/avr25/libgcc.a(_exit.o)
                              /usr/local/CrossPack-AVR-20120217/lib/gcc/avr/4.5.1/../../../../avr/lib/avr25/crttn44.o (exit)
/usr/local/CrossPack-AVR-20120217/lib/gcc/avr/4.5.1/avr25/libgcc.a(_copy_data.o)
                              mollusk.o (__do_copy_data)
/usr/local/CrossPack-AVR-20120217/lib/gcc/avr/4.5.1/avr25/libgcc.a(_clear_bss.o)
                              mollusk.o (__do_clear_bss)

Discarded input sections

 .data          0x00000000        0x0 /usr/local/CrossPack-AVR-20120217/lib/gcc/avr/4.5.1/../../../../avr/lib/avr25/crttn44.o
 .bss           0x00000000        0x0 /usr/local/CrossPack-AVR-20120217/lib/gcc/avr/4.5.1/../../../../avr/lib/avr25/crttn44.o
 .stab          0x00000000      0x6cc /usr/local/CrossPack-AVR-20120217/lib/gcc/avr/4.5.1/../../../../avr/lib/avr25/crttn44.o
 .stabstr       0x00000000       0xbe /usr/local/CrossPack-AVR-20120217/lib/gcc/avr/4.5.1/../../../../avr/lib/avr25/crttn44.o
 .text          0x00000000        0x0 mollusk.o
 .data          0x00000000        0x0 mollusk.o
 .bss           0x00000000        0x0 mollusk.o
 .debug_abbrev  0x00000000       0xed mollusk.o
 .debug_info    0x00000000      0x19c mollusk.o
 .debug_line    0x00000000      0x1a7 mollusk.o
 .rodata.sineLUT
                0x00000000      0x100 mollusk.o
 .rodata.squareLUT
                0x00000000      0x100 mollusk.o
 .rodata.sawLUT
                0x00000000      0x100 mollusk.o
 .debug_frame   0x00000000       0x40 mollusk.o
 .debug_pubnames
                0x00000000       0x59 mollusk.o
 .debug_pubtypes
                0x00000000       0x3c mollusk.o
 .debug_aranges
                0x00000000       0x30 mollusk.o
 .debug_ranges  0x00000000       0x20 mollusk.o
 .debug_str     0x00000000      0x143 mollusk.o
 .text          0x00000000        0x0 /var/folders/hX/hXBB4wZrEYO-ZmkKU5fWSk+++TI/-Tmp-//cctktf1Z.o
 .data          0x00000000        0x0 /var/folders/hX/hXBB4wZrEYO-ZmkKU5fWSk+++TI/-Tmp-//cctktf1Z.o
 .bss           0x00000000        0x0 /var/folders/hX/hXBB4wZrEYO-ZmkKU5fWSk+++TI/-Tmp-//cctktf1Z.o
 .debug_abbrev  0x00000000      0x109 /var/folders/hX/hXBB4wZrEYO-ZmkKU5fWSk+++TI/-Tmp-//cctktf1Z.o
 .debug_info    0x00000000      0x193 /var/folders/hX/hXBB4wZrEYO-ZmkKU5fWSk+++TI/-Tmp-//cctktf1Z.o
 .debug_line    0x00000000      0x188 /var/folders/hX/hXBB4wZrEYO-ZmkKU5fWSk+++TI/-Tmp-//cctktf1Z.o
 .text.create_ringbuf_u8_t
                0x00000000       0x5e /var/folders/hX/hXBB4wZrEYO-ZmkKU5fWSk+++TI/-Tmp-//cctktf1Z.o
 .debug_frame   0x00000000       0x50 /var/folders/hX/hXBB4wZrEYO-ZmkKU5fWSk+++TI/-Tmp-//cctktf1Z.o
 .debug_loc     0x00000000       0xb4 /var/folders/hX/hXBB4wZrEYO-ZmkKU5fWSk+++TI/-Tmp-//cctktf1Z.o
 .debug_pubnames
                0x00000000       0x50 /var/folders/hX/hXBB4wZrEYO-ZmkKU5fWSk+++TI/-Tmp-//cctktf1Z.o
 .debug_pubtypes
                0x00000000       0x2f /var/folders/hX/hXBB4wZrEYO-ZmkKU5fWSk+++TI/-Tmp-//cctktf1Z.o
 .debug_aranges
                0x00000000       0x38 /var/folders/hX/hXBB4wZrEYO-ZmkKU5fWSk+++TI/-Tmp-//cctktf1Z.o
 .debug_ranges  0x00000000       0x28 /var/folders/hX/hXBB4wZrEYO-ZmkKU5fWSk+++TI/-Tmp-//cctktf1Z.o
 .debug_str     0x00000000      0x138 /var/folders/hX/hXBB4wZrEYO-ZmkKU5fWSk+++TI/-Tmp-//cctktf1Z.o
 .text          0x00000000        0x0 /usr/local/CrossPack-AVR-20120217/lib/gcc/avr/4.5.1/avr25/libgcc.a(_exit.o)
 .data          0x00000000        0x0 /usr/local/CrossPack-AVR-20120217/lib/gcc/avr/4.5.1/avr25/libgcc.a(_exit.o)
 .bss           0x00000000        0x0 /usr/local/CrossPack-AVR-20120217/lib/gcc/avr/4.5.1/avr25/libgcc.a(_exit.o)
 .text.libgcc   0x00000000        0x0 /usr/local/CrossPack-AVR-20120217/lib/gcc/avr/4.5.1/avr25/libgcc.a(_exit.o)
 .text          0x00000000        0x0 /usr/local/CrossPack-AVR-20120217/lib/gcc/avr/4.5.1/avr25/libgcc.a(_copy_data.o)
 .data          0x00000000        0x0 /usr/local/CrossPack-AVR-20120217/lib/gcc/avr/4.5.1/avr25/libgcc.a(_copy_data.o)
 .bss           0x00000000        0x0 /usr/local/CrossPack-AVR-20120217/lib/gcc/avr/4.5.1/avr25/libgcc.a(_copy_data.o)
 .text.libgcc   0x00000000        0x0 /usr/local/CrossPack-AVR-20120217/lib/gcc/avr/4.5.1/avr25/libgcc.a(_copy_data.o)
 .text          0x00000000        0x0 /usr/local/CrossPack-AVR-20120217/lib/gcc/avr/4.5.1/avr25/libgcc.a(_clear_bss.o)
 .data          0x00000000        0x0 /usr/local/CrossPack-AVR-20120217/lib/gcc/avr/4.5.1/avr25/libgcc.a(_clear_bss.o)
 .bss           0x00000000        0x0 /usr/local/CrossPack-AVR-20120217/lib/gcc/avr/4.5.1/avr25/libgcc.a(_clear_bss.o)
 .text.libgcc   0x00000000        0x0 /usr/local/CrossPack-AVR-20120217/lib/gcc/avr/4.5.1/avr25/libgcc.a(_clear_bss.o)

Memory Configuration

Name             Origin             Length             Attributes
text             0x00000000         0x00002000         xr
data             0x00800060         0x0000ffa0         rw !x
eeprom           0x00810000         0x00010000         rw !x
fuse             0x00820000         0x00000400         rw !x
lock             0x00830000         0x00000400         rw !x
signature        0x00840000         0x00000400         rw !x
*default*        0x00000000         0xffffffff

Linker script and memory map

LOAD /usr/local/CrossPack-AVR-20120217/lib/gcc/avr/4.5.1/../../../../avr/lib/avr25/crttn44.o
LOAD mollusk.o
LOAD /var/folders/hX/hXBB4wZrEYO-ZmkKU5fWSk+++TI/-Tmp-//cctktf1Z.o
LOAD /usr/local/CrossPack-AVR-20120217/lib/gcc/avr/4.5.1/avr25/libgcc.a
LOAD /usr/local/CrossPack-AVR-20120217/lib/gcc/avr/4.5.1/../../../../avr/lib/avr25/libc.a
LOAD /usr/local/CrossPack-AVR-20120217/lib/gcc/avr/4.5.1/avr25/libgcc.a

.hash
 *(.hash)

.dynsym
 *(.dynsym)

.dynstr
 *(.dynstr)

.gnu.version
 *(.gnu.version)

.gnu.version_d
 *(.gnu.version_d)

.gnu.version_r
 *(.gnu.version_r)

.rel.init
 *(.rel.init)

.rela.init
 *(.rela.init)

.rel.text
 *(.rel.text)
 *(.rel.text.*)
 *(.rel.gnu.linkonce.t*)

.rela.text
 *(.rela.text)
 *(.rela.text.*)
 *(.rela.gnu.linkonce.t*)

.rel.fini
 *(.rel.fini)

.rela.fini
 *(.rela.fini)

.rel.rodata
 *(.rel.rodata)
 *(.rel.rodata.*)
 *(.rel.gnu.linkonce.r*)

.rela.rodata
 *(.rela.rodata)
 *(.rela.rodata.*)
 *(.rela.gnu.linkonce.r*)

.rel.data
 *(.rel.data)
 *(.rel.data.*)
 *(.rel.gnu.linkonce.d*)

.rela.data
 *(.rela.data)
 *(.rela.data.*)
 *(.rela.gnu.linkonce.d*)

.rel.ctors
 *(.rel.ctors)

.rela.ctors
 *(.rela.ctors)

.rel.dtors
 *(.rel.dtors)

.rela.dtors
 *(.rela.dtors)

.rel.got
 *(.rel.got)

.rela.got
 *(.rela.got)

.rel.bss
 *(.rel.bss)

.rela.bss
 *(.rela.bss)

.rel.plt
 *(.rel.plt)

.rela.plt
 *(.rela.plt)

.text           0x00000000      0x164
 *(.vectors)
 .vectors       0x00000000       0x22 /usr/local/CrossPack-AVR-20120217/lib/gcc/avr/4.5.1/../../../../avr/lib/avr25/crttn44.o
                0x00000000                __vectors
                0x00000000                __vector_default
 *(.vectors)
 *(.progmem.gcc*)
 *(.progmem*)
                0x00000022                . = ALIGN (0x2)
                0x00000022                __trampolines_start = .
 *(.trampolines)
 .trampolines   0x00000022        0x0 linker stubs
 *(.trampolines*)
                0x00000022                __trampolines_end = .
 *(.jumptables)
 *(.jumptables*)
 *(.lowtext)
 *(.lowtext*)
                0x00000022                __ctors_start = .
 *(.ctors)
                0x00000022                __ctors_end = .
                0x00000022                __dtors_start = .
 *(.dtors)
                0x00000022                __dtors_end = .
 SORT(*)(.ctors)
 SORT(*)(.dtors)
 *(.init0)
 .init0         0x00000022        0x0 /usr/local/CrossPack-AVR-20120217/lib/gcc/avr/4.5.1/../../../../avr/lib/avr25/crttn44.o
                0x00000022                __init
 *(.init0)
 *(.init1)
 *(.init1)
 *(.init2)
 .init2         0x00000022        0xc /usr/local/CrossPack-AVR-20120217/lib/gcc/avr/4.5.1/../../../../avr/lib/avr25/crttn44.o
 *(.init2)
 *(.init3)
 *(.init3)
 *(.init4)
 .init4         0x0000002e       0x16 /usr/local/CrossPack-AVR-20120217/lib/gcc/avr/4.5.1/avr25/libgcc.a(_copy_data.o)
                0x0000002e                __do_copy_data
 .init4         0x00000044       0x10 /usr/local/CrossPack-AVR-20120217/lib/gcc/avr/4.5.1/avr25/libgcc.a(_clear_bss.o)
                0x00000044                __do_clear_bss
 *(.init4)
 *(.init5)
 *(.init5)
 *(.init6)
 *(.init6)
 *(.init7)
 *(.init7)
 *(.init8)
 *(.init8)
 *(.init9)
 .init9         0x00000054        0x4 /usr/local/CrossPack-AVR-20120217/lib/gcc/avr/4.5.1/../../../../avr/lib/avr25/crttn44.o
 *(.init9)
 *(.text)
 .text          0x00000058        0x2 /usr/local/CrossPack-AVR-20120217/lib/gcc/avr/4.5.1/../../../../avr/lib/avr25/crttn44.o
                0x00000058                __vector_16
                0x00000058                __vector_12
                0x00000058                __bad_interrupt
                0x00000058                __vector_6
                0x00000058                __vector_3
                0x00000058                __vector_11
                0x00000058                __vector_13
                0x00000058                __vector_5
                0x00000058                __vector_4
                0x00000058                __vector_9
                0x00000058                __vector_2
                0x00000058                __vector_15
                0x00000058                __vector_8
                0x00000058                __vector_14
                0x00000058                __vector_10
                0x00000058                __vector_1
                0x0000005a                . = ALIGN (0x2)
 *(.text.*)
 .text.setup    0x0000005a       0x30 mollusk.o
                0x0000005a                setup
 .text.main     0x0000008a        0x4 mollusk.o
                0x0000008a                main
 .text.__vector_7
                0x0000008e       0x80 mollusk.o
                0x0000008e                __vector_7
 .text.clear    0x0000010e       0x1e /var/folders/hX/hXBB4wZrEYO-ZmkKU5fWSk+++TI/-Tmp-//cctktf1Z.o
                0x0000010e                clear
 .text.push_back
                0x0000012c       0x1e /var/folders/hX/hXBB4wZrEYO-ZmkKU5fWSk+++TI/-Tmp-//cctktf1Z.o
                0x0000012c                push_back
 .text.get_value
                0x0000014a       0x16 /var/folders/hX/hXBB4wZrEYO-ZmkKU5fWSk+++TI/-Tmp-//cctktf1Z.o
                0x0000014a                get_value
                0x00000160                . = ALIGN (0x2)
 *(.fini9)
 .fini9         0x00000160        0x0 /usr/local/CrossPack-AVR-20120217/lib/gcc/avr/4.5.1/avr25/libgcc.a(_exit.o)
                0x00000160                exit
                0x00000160                _exit
 *(.fini9)
 *(.fini8)
 *(.fini8)
 *(.fini7)
 *(.fini7)
 *(.fini6)
 *(.fini6)
 *(.fini5)
 *(.fini5)
 *(.fini4)
 *(.fini4)
 *(.fini3)
 *(.fini3)
 *(.fini2)
 *(.fini2)
 *(.fini1)
 *(.fini1)
 *(.fini0)
 .fini0         0x00000160        0x4 /usr/local/CrossPack-AVR-20120217/lib/gcc/avr/4.5.1/avr25/libgcc.a(_exit.o)
 *(.fini0)
                0x00000164                _etext = .

.data           0x00800060        0x0 load address 0x00000164
                0x00800060                PROVIDE (__data_start, .)
 *(.data)
 *(.data*)
 *(.rodata)
 *(.rodata*)
 *(.gnu.linkonce.d*)
                0x00800060                . = ALIGN (0x2)
                0x00800060                _edata = .
                0x00800060                PROVIDE (__data_end, .)

.bss            0x00800060      0x102
                0x00800060                PROVIDE (__bss_start, .)
 *(.bss)
 *(.bss*)
 .bss.input_buffer
                0x00800060      0x101 mollusk.o
 .bss.toss.1143
                0x00800161        0x1 mollusk.o
 *(COMMON)
                0x00800162                PROVIDE (__bss_end, .)
                0x00000164                __data_load_start = LOADADDR (.data)
                0x00000164                __data_load_end = (__data_load_start + SIZEOF (.data))

.noinit         0x00800162        0x0
                0x00800162                PROVIDE (__noinit_start, .)
 *(.noinit*)
                0x00800162                PROVIDE (__noinit_end, .)
                0x00800162                _end = .
                0x00800162                PROVIDE (__heap_start, .)

.eeprom         0x00810000        0x0
 *(.eeprom*)
                0x00810000                __eeprom_end = .

.fuse
 *(.fuse)
 *(.lfuse)
 *(.hfuse)
 *(.efuse)

.lock
 *(.lock*)

.signature
 *(.signature*)

.stab
 *(.stab)

.stabstr
 *(.stabstr)

.stab.excl
 *(.stab.excl)

.stab.exclstr
 *(.stab.exclstr)

.stab.index
 *(.stab.index)

.stab.indexstr
 *(.stab.indexstr)

.comment
 *(.comment)

.debug
 *(.debug)

.line
 *(.line)

.debug_srcinfo
 *(.debug_srcinfo)

.debug_sfnames
 *(.debug_sfnames)

.debug_aranges
 *(.debug_aranges)

.debug_pubnames
 *(.debug_pubnames)

.debug_info
 *(.debug_info)
 *(.gnu.linkonce.wi.*)

.debug_abbrev
 *(.debug_abbrev)

.debug_line
 *(.debug_line)

.debug_frame
 *(.debug_frame)

.debug_str
 *(.debug_str)

.debug_loc
 *(.debug_loc)

.debug_macinfo
 *(.debug_macinfo)
OUTPUT(mollusk.elf elf32-avr)
LOAD linker stubs

.debug_pubtypes

.debug_ranges

.debug_pubtypes

.debug_ranges
