
mollusk.elf:     file format elf32-avr

Sections:
Idx Name          Size      VMA       LMA       File off  Algn
  0 .text         00000164  00000000  00000000  00000074  2**1
                  CONTENTS, ALLOC, LOAD, READONLY, CODE
  1 .bss          00000102  00800060  00800060  000001d8  2**0
                  ALLOC

Disassembly of section .text:

00000000 <.text>:
   0:	10 c0       	rjmp	.+32     	;  0x22
   2:	2a c0       	rjmp	.+84     	;  0x58
   4:	29 c0       	rjmp	.+82     	;  0x58
   6:	28 c0       	rjmp	.+80     	;  0x58
   8:	27 c0       	rjmp	.+78     	;  0x58
   a:	26 c0       	rjmp	.+76     	;  0x58
   c:	25 c0       	rjmp	.+74     	;  0x58
   e:	3f c0       	rjmp	.+126    	;  0x8e
  10:	23 c0       	rjmp	.+70     	;  0x58
  12:	22 c0       	rjmp	.+68     	;  0x58
  14:	21 c0       	rjmp	.+66     	;  0x58
  16:	20 c0       	rjmp	.+64     	;  0x58
  18:	1f c0       	rjmp	.+62     	;  0x58
  1a:	1e c0       	rjmp	.+60     	;  0x58
  1c:	1d c0       	rjmp	.+58     	;  0x58
  1e:	1c c0       	rjmp	.+56     	;  0x58
  20:	1b c0       	rjmp	.+54     	;  0x58
  22:	11 24       	eor	r1, r1
  24:	1f be       	out	0x3f, r1	; 63
  26:	cf e5       	ldi	r28, 0x5F	; 95
  28:	d1 e0       	ldi	r29, 0x01	; 1
  2a:	de bf       	out	0x3e, r29	; 62
  2c:	cd bf       	out	0x3d, r28	; 61
  2e:	10 e0       	ldi	r17, 0x00	; 0
  30:	a0 e6       	ldi	r26, 0x60	; 96
  32:	b0 e0       	ldi	r27, 0x00	; 0
  34:	e4 e6       	ldi	r30, 0x64	; 100
  36:	f1 e0       	ldi	r31, 0x01	; 1
  38:	02 c0       	rjmp	.+4      	;  0x3e
  3a:	05 90       	lpm	r0, Z+
  3c:	0d 92       	st	X+, r0
  3e:	a0 36       	cpi	r26, 0x60	; 96
  40:	b1 07       	cpc	r27, r17
  42:	d9 f7       	brne	.-10     	;  0x3a
  44:	11 e0       	ldi	r17, 0x01	; 1
  46:	a0 e6       	ldi	r26, 0x60	; 96
  48:	b0 e0       	ldi	r27, 0x00	; 0
  4a:	01 c0       	rjmp	.+2      	;  0x4e
  4c:	1d 92       	st	X+, r1
  4e:	a2 36       	cpi	r26, 0x62	; 98
  50:	b1 07       	cpc	r27, r17
  52:	e1 f7       	brne	.-8      	;  0x4c
  54:	1a d0       	rcall	.+52     	;  0x8a
  56:	84 c0       	rjmp	.+264    	;  0x160
  58:	d3 cf       	rjmp	.-90     	;  0x0
  5a:	f8 94       	cli
  5c:	80 e6       	ldi	r24, 0x60	; 96
  5e:	90 e0       	ldi	r25, 0x00	; 0
  60:	56 d0       	rcall	.+172    	;  0x10e
  62:	1a ba       	out	0x1a, r1	; 26
  64:	d6 9a       	sbi	0x1a, 6	; 26
  66:	1b ba       	out	0x1b, r1	; 27
  68:	1b bc       	out	0x2b, r1	; 43
  6a:	1a bc       	out	0x2a, r1	; 42
  6c:	8f e7       	ldi	r24, 0x7F	; 127
  6e:	90 e0       	ldi	r25, 0x00	; 0
  70:	99 bd       	out	0x29, r25	; 41
  72:	88 bd       	out	0x28, r24	; 40
  74:	81 e8       	ldi	r24, 0x81	; 129
  76:	8f bd       	out	0x2f, r24	; 47
  78:	89 e0       	ldi	r24, 0x09	; 9
  7a:	8e bd       	out	0x2e, r24	; 46
  7c:	62 9a       	sbi	0x0c, 2	; 12
  7e:	81 e0       	ldi	r24, 0x01	; 1
  80:	87 b9       	out	0x07, r24	; 7
  82:	86 ec       	ldi	r24, 0xC6	; 198
  84:	86 b9       	out	0x06, r24	; 6
  86:	78 94       	sei
  88:	08 95       	ret
  8a:	e7 df       	rcall	.-50     	;  0x5a
  8c:	ff cf       	rjmp	.-2      	;  0x8c
  8e:	1f 92       	push	r1
  90:	0f 92       	push	r0
  92:	0f b6       	in	r0, 0x3f	; 63
  94:	0f 92       	push	r0
  96:	11 24       	eor	r1, r1
  98:	1f 93       	push	r17
  9a:	2f 93       	push	r18
  9c:	3f 93       	push	r19
  9e:	4f 93       	push	r20
  a0:	5f 93       	push	r21
  a2:	6f 93       	push	r22
  a4:	7f 93       	push	r23
  a6:	8f 93       	push	r24
  a8:	9f 93       	push	r25
  aa:	af 93       	push	r26
  ac:	bf 93       	push	r27
  ae:	cf 93       	push	r28
  b0:	df 93       	push	r29
  b2:	ef 93       	push	r30
  b4:	ff 93       	push	r31
  b6:	c0 e6       	ldi	r28, 0x60	; 96
  b8:	d0 e0       	ldi	r29, 0x00	; 0
  ba:	ce 01       	movw	r24, r28
  bc:	60 e0       	ldi	r22, 0x00	; 0
  be:	45 d0       	rcall	.+138    	;  0x14a
  c0:	18 2f       	mov	r17, r24
  c2:	ce 01       	movw	r24, r28
  c4:	61 e0       	ldi	r22, 0x01	; 1
  c6:	41 d0       	rcall	.+130    	;  0x14a
  c8:	86 95       	lsr	r24
  ca:	16 95       	lsr	r17
  cc:	21 2f       	mov	r18, r17
  ce:	30 e0       	ldi	r19, 0x00	; 0
  d0:	28 0f       	add	r18, r24
  d2:	31 1d       	adc	r19, r1
  d4:	3b bd       	out	0x2b, r19	; 43
  d6:	2a bd       	out	0x2a, r18	; 42
  d8:	84 b1       	in	r24, 0x04	; 4
  da:	80 93 61 01 	sts	0x0161, r24
  de:	65 b1       	in	r22, 0x05	; 5
  e0:	ce 01       	movw	r24, r28
  e2:	24 d0       	rcall	.+72     	;  0x12c
  e4:	36 9a       	sbi	0x06, 6	; 6
  e6:	ff 91       	pop	r31
  e8:	ef 91       	pop	r30
  ea:	df 91       	pop	r29
  ec:	cf 91       	pop	r28
  ee:	bf 91       	pop	r27
  f0:	af 91       	pop	r26
  f2:	9f 91       	pop	r25
  f4:	8f 91       	pop	r24
  f6:	7f 91       	pop	r23
  f8:	6f 91       	pop	r22
  fa:	5f 91       	pop	r21
  fc:	4f 91       	pop	r20
  fe:	3f 91       	pop	r19
 100:	2f 91       	pop	r18
 102:	1f 91       	pop	r17
 104:	0f 90       	pop	r0
 106:	0f be       	out	0x3f, r0	; 63
 108:	0f 90       	pop	r0
 10a:	1f 90       	pop	r1
 10c:	18 95       	reti
 10e:	fc 01       	movw	r30, r24
 110:	e0 50       	subi	r30, 0x00	; 0
 112:	ff 4f       	sbci	r31, 0xFF	; 255
 114:	10 82       	st	Z, r1
 116:	fc 01       	movw	r30, r24
 118:	20 e0       	ldi	r18, 0x00	; 0
 11a:	30 e0       	ldi	r19, 0x00	; 0
 11c:	11 92       	st	Z+, r1
 11e:	2f 5f       	subi	r18, 0xFF	; 255
 120:	3f 4f       	sbci	r19, 0xFF	; 255
 122:	81 e0       	ldi	r24, 0x01	; 1
 124:	20 30       	cpi	r18, 0x00	; 0
 126:	38 07       	cpc	r19, r24
 128:	c9 f7       	brne	.-14     	;  0x11c
 12a:	08 95       	ret
 12c:	fc 01       	movw	r30, r24
 12e:	e0 50       	subi	r30, 0x00	; 0
 130:	ff 4f       	sbci	r31, 0xFF	; 255
 132:	20 81       	ld	r18, Z
 134:	82 0f       	add	r24, r18
 136:	91 1d       	adc	r25, r1
 138:	dc 01       	movw	r26, r24
 13a:	6c 93       	st	X, r22
 13c:	2f 3f       	cpi	r18, 0xFF	; 255
 13e:	11 f4       	brne	.+4      	;  0x144
 140:	10 82       	st	Z, r1
 142:	08 95       	ret
 144:	2f 5f       	subi	r18, 0xFF	; 255
 146:	20 83       	st	Z, r18
 148:	08 95       	ret
 14a:	fc 01       	movw	r30, r24
 14c:	e0 50       	subi	r30, 0x00	; 0
 14e:	ff 4f       	sbci	r31, 0xFF	; 255
 150:	20 81       	ld	r18, Z
 152:	21 50       	subi	r18, 0x01	; 1
 154:	26 1b       	sub	r18, r22
 156:	82 0f       	add	r24, r18
 158:	91 1d       	adc	r25, r1
 15a:	fc 01       	movw	r30, r24
 15c:	80 81       	ld	r24, Z
 15e:	08 95       	ret
 160:	f8 94       	cli
 162:	ff cf       	rjmp	.-2      	;  0x162
